// Jest Snapshot v1, https://goo.gl/fbAQLP

exports[`App.vue renders correctly 1`] = `
<div
  class="container"
  id="app"
>
  <div
    class="header"
  >
    <img
      class="logo"
      src="./components/assets/images.png"
    />
     
    <h1>
      A Vue to Do List!
    </h1>
  </div>
   
  <router-view
    default="{name: 'home'}"
  />
</div>
`;
